[36m
ЁЯЪА API Gateway Testing Script (Phase 4)[0m
[0m============================================================[0m
[36mTesting API Gateway at: http://localhost:3000[0m
[0m============================================================[0m
[33m
ЁЯФН Checking API Gateway availability...[0m
[32m  тЬЕ API Gateway is accessible[0m
[34m
ЁЯУН Location Service API[0m
[0m============================================================[0m
[32m  тЬЕ GET /api/locations?endpoint=regions - Status: 200[0m
[36m  тД╣я╕П  Response: {
  "success": true,
  "data": []
}[0m
[32m  тЬЕ GET /api/locations?endpoint=cities&region_id=1 - Status: 200[0m
[36m  тД╣я╕П  Response: {
  "success": true,
  "data": []
}[0m
[32m  тЬЕ GET /api/locations?endpoint=street-types - Status: 200[0m
[36m  тД╣я╕П  Response: {
  "success": true,
  "data": [
    {
      "id": 4,
      "name": "╨▒╤Г╨╗╤М╨▓╨░╤А",
      "shortName": "╨▒╤Г╨╗.",
      "createdAt": "2026-01-16T11:11:51.410Z",
      "updatedAt": "2026-01-16T11:11:51.410Z"
    },
    {
      "id": 6,
      "name": "╨╜╨░╨▒╨╡╤А╨╡╨╢╨╜╨░╤П",
      "shortName": "╨╜╨░╨▒.",
      "createdAt": "2026-01-16T11:11:51.410Z",
      "updatedAt": "2026-01-16T11:11:51.410Z"
    },
    {
      "id": 3,
      "name": "╨┐╨╡╤А╨╡╤Г╨╗╨╛╨║",
      "shortName": "╨┐╨╡╤А.",
      "createdAt": "2026-01-16T11:11:51.410Z... (truncated)[0m
[34m
ЁЯФН Availability Service API[0m
[0m============================================================[0m
[31m  тЭМ POST /api/availability/check - Status: 405[0m
[36m  тД╣я╕П  Error: ""[0m
[31m  тЭМ GET /api/availability/1 - Status: 500[0m
[36m  тД╣я╕П  Error: {
  "success": false,
  "error": "getaddrinfo ENOTFOUND availability-service"
}[0m
[31m  тЭМ GET /api/availability/providers/1 - Status: 500[0m
[36m  тД╣я╕П  Error: {
  "success": false,
  "error": "getaddrinfo ENOTFOUND availability-service"
}[0m
[34m
ЁЯПв Provider Service API[0m
[0m============================================================[0m
[31m  тЭМ GET /api/providers - Status: 500[0m
[36m  тД╣я╕П  Error: {
  "success": false,
  "error": "getaddrinfo ENOTFOUND provider-service"
}[0m
[31m  тЭМ GET /api/tariffs - Status: 500[0m
[36m  тД╣я╕П  Error: {
  "success": false,
  "error": "getaddrinfo ENOTFOUND provider-service"
}[0m
[34m
ЁЯФз Equipment Service API[0m
[0m============================================================[0m
[32m  тЬЕ GET /api/equipment - Status: 200[0m
[36m  тД╣я╕П  Response: {
  "success": true,
  "data": []
}[0m
[32m  тЬЕ GET /api/equipment?endpoint=types - Status: 200[0m
[36m  тД╣я╕П  Response: {
  "success": true,
  "data": []
}[0m
[34m
ЁЯУж Order Service API[0m
[0m============================================================[0m
[31m  тЭМ POST /api/orders/calculate - Status: 500[0m
[36m  тД╣я╕П  Error: {
  "success": false,
  "error": "getaddrinfo ENOTFOUND order-service"
}[0m
[31m  тЭМ GET /api/orders/by-phone?phone=+79991234567 - Status: 500[0m
[36m  тД╣я╕П  Error: {
  "success": false,
  "error": "getaddrinfo ENOTFOUND order-service"
}[0m
[31m  тЭМ GET /api/orders/1 - Status: 500[0m
[36m  тД╣я╕П  Error: {
  "success": false,
  "error": "getaddrinfo ENOTFOUND order-service"
}[0m
[31m  тЭМ GET /api/orders/1/status-history - Status: 500[0m
[36m  тД╣я╕П  Error: {
  "success": false,
  "error": "getaddrinfo ENOTFOUND order-service"
}[0m
[31m  тЭМ GET /api/orders/my (╨▒╨╡╨╖ ╨░╨▓╤В╨╛╤А╨╕╨╖╨░╤Ж╨╕╨╕) - Status: 401[0m
[36m  тД╣я╕П  Error: {
  "success": false,
  "error": "Authorization header required"
}[0m
[34m
ЁЯФФ Notification Service API[0m
[0m============================================================[0m
[32m  тЬЕ POST /api/notifications - Status: 200[0m
[36m  тД╣я╕П  Response: {
  "success": true,
  "data": {
    "read": false,
    "id": 8,
    "userId": null,
    "orderId": null,
    "type": "order_created",
    "title": "╨Ч╨░╤П╨▓╨║╨░ ╤Б╨╛╨╖╨┤╨░╨╜╨░",
    "message": "╨Т╨░╤И╨░ ╨╖╨░╤П╨▓╨║╨░ #N/A ╤Г╤Б╨┐╨╡╤И╨╜╨╛ ╤Б╨╛╨╖╨┤╨░╨╜╨░. ╨Ь╤Л ╤Б╨▓╤П╨╢╨╡╨╝╤Б╤П ╤Б ╨▓╨░╨╝╨╕ ╨▓ ╨▒╨╗╨╕╨╢╨░╨╣╤И╨╡╨╡ ╨▓╤А╨╡╨╝╤П.",
    "email": "test@example.com",
    "phone": "+79991234567",
    "metadata": "{\"orderId\":1}",
    "sent": true,
    "updatedAt": "2026-01-18T19:50:46.339Z",
    "createdAt": "2026-01-18T19:50:46.325Z",
    "sentAt": "2026-01-18T19:50:46.339Z... (truncated)[0m
[32m  тЬЕ GET /api/notifications/user/1 - Status: 200[0m
[36m  тД╣я╕П  Response: {
  "success": true,
  "data": []
}[0m
[34m
ЁЯФР Auth Service API[0m
[0m============================================================[0m
[31m  тЭМ POST /api/auth/register - Status: 400[0m
[36m  тД╣я╕П  Error: {
  "success": false,
  "error": "Name is required"
}[0m
[0m
============================================================[0m
[36mЁЯУК Summary[0m
[0m============================================================[0m
[0m
тЬЕ LOCATION: 3/3 passed[0m
[0m
тЪая╕П AVAILABILITY: 0/3 passed[0m
[33m  тЪая╕П    - HTTP 405[0m
[33m  тЪая╕П    - HTTP 500[0m
[33m  тЪая╕П    - HTTP 500[0m
[0m
тЪая╕П PROVIDER: 0/2 passed[0m
[33m  тЪая╕П    - HTTP 500[0m
[33m  тЪая╕П    - HTTP 500[0m
[0m
тЬЕ EQUIPMENT: 2/2 passed[0m
[0m
тЪая╕П ORDER: 0/5 passed[0m
[33m  тЪая╕П    - HTTP 500[0m
[33m  тЪая╕П    - HTTP 500[0m
[33m  тЪая╕П    - HTTP 500[0m
[33m  тЪая╕П    - HTTP 500[0m
[33m  тЪая╕П    - HTTP 401[0m
[0m
тЬЕ NOTIFICATION: 2/2 passed[0m
[0m
тЪая╕П AUTH: 0/1 passed[0m
[33m  тЪая╕П    - HTTP 400[0m
[0m
============================================================[0m
[33mTotal: 7/18 tests passed[0m
[31mFailed: 11 tests[0m
[33m  тЪая╕П  
ЁЯТб Some endpoints may require:[0m
[33m  тЪая╕П     - Running services in docker-compose[0m
[33m  тЪая╕П     - Valid data in database[0m
[33m  тЪая╕П     - Authentication tokens[0m
[0m
============================================================[0m
